GATE 12B-0 -- reproduce the recorded step-size collapse before rebuilding on it.

interior steps only (the final step is the tend residue, not a choice)
configuration                                          steps  reached      h min   h median  dh!=0  outcome
--- rc-vsin
  trap  band=NO   keep_h=True  q^T=no   est=stage4        54      1.0%  1.000e-18  1.000e-18      3  stalled at minstep
  trap  band=yes  keep_h=True  q^T=no   est=stage4        56      1.0%  1.000e-18  1.000e-18      5  stalled at minstep
  trap  band=yes  keep_h=True  q^T=no   est=old          200    100.0%  1.000e-05  1.000e-05      0  completed
  trap  band=yes  keep_h=True  q^T=FD   est=stage4        55      0.5%  1.000e-18  1.000e-18      4  stalled at minstep
  trap  band=yes  keep_h=False q^T=no   est=stage4       200    100.0%  1.000e-05  1.000e-05    199  completed
  gear2 band=NO   keep_h=True  q^T=no   est=stage4        54      1.0%  1.000e-18  1.000e-18      3  stalled at minstep
  gear2 band=yes  keep_h=True  q^T=no   est=stage4        55      1.0%  1.000e-18  1.000e-18      4  stalled at minstep
  gear2 band=yes  keep_h=True  q^T=no   est=old          200    100.0%  1.000e-05  1.000e-05      0  completed
  gear2 band=yes  keep_h=True  q^T=FD   est=stage4        55      0.5%  1.000e-18  1.000e-18      4  stalled at minstep
  gear2 band=yes  keep_h=False q^T=no   est=stage4       200    100.0%  1.000e-05  1.000e-05    199  completed

--- stiff-rlc
  trap  band=NO   keep_h=True  q^T=no   est=stage4        54      8.0%  1.000e-18  1.000e-18      3  stalled at minstep
  trap  band=yes  keep_h=True  q^T=no   est=stage4        54      8.0%  1.000e-18  1.000e-18      3  stalled at minstep
  trap  band=yes  keep_h=True  q^T=no   est=old           26    100.0%  2.000e-04  2.000e-04      1  completed
  trap  band=yes  keep_h=True  q^T=FD   est=stage4         1      4.0%  2.000e-04  2.000e-04      0  h < 1e-15
  trap  band=yes  keep_h=False q^T=no   est=stage4        26    100.0%  2.000e-04  2.000e-04     25  completed
  gear2 band=NO   keep_h=True  q^T=no   est=stage4        54      8.0%  1.000e-18  1.000e-18      3  stalled at minstep
  gear2 band=yes  keep_h=True  q^T=no   est=stage4        54      8.0%  1.000e-18  1.000e-18      3  stalled at minstep
  gear2 band=yes  keep_h=True  q^T=no   est=old           26    100.0%  2.000e-04  2.000e-04      1  completed
  gear2 band=yes  keep_h=True  q^T=FD   est=stage4         1      4.0%  2.000e-04  2.000e-04      0  h < 1e-15
  gear2 band=yes  keep_h=False q^T=no   est=stage4        26    100.0%  2.000e-04  2.000e-04     25  completed

GATE 12B-0 asks whether "the exact (N+1) Schur update collapses the
step size" is a property of the update or of the loop around it.
Compare keep_h=False (the shipped behaviour, which discarded the
solved step) against keep_h=True (actually using it), and the old
estimator against the post-stage-4 one.
